/drive/root:/Audio/2021
/drive/root:/Audio/2021/03
/drive/root:/Audio/2023
/drive/root:/Audio/2023/01
/drive/root:/Audio/2024
/drive/root:/Audio/2024/03
/drive/root:/Images/2021/02
/drive/root:/Images/ensemble/Saved Pictures/JP/Félix
/drive/root:/Images/ensemble/Saved Pictures/JP/Maisons
/drive/root:/VersCoffreFort/archives/xxx/ondrv/a classer/Nouveau dossier/New folder
/drive/root:/VersCoffreFort/archives/xxx/ondrv/Nouveau dossier/xxxY
/drive/root:/VersCoffreFort/archives/xxx/XXX/Nouveau dossier
/drive/root:/VersCoffreFort/archives/xxx/XXX/Nouveau dossier/Nouveau dossier
/drive/root:/VersCoffreFort/archives/xxx/XXX/tri-img/bottes-porn
/drive/root:/VersCoffreFort/archives/xxx/XXX/tri-video/blow
/drive/root:/VersCoffreFort/Michelle/Animated
/drive/root:/VersCoffreFort/Michelle/Animated/2025
/drive/root:/VersCoffreFort/Michelle/Animated/2025/12
/drive/root:/VersCoffreFort/Michelle/Animated/2026
/drive/root:/VersCoffreFort/Michelle/Animated/2026/01
/drive/root:/VersCoffreFort/Michelle/images/2024/03
/drive/root:/VersCoffreFort/Michelle/images/2024/04
/drive/root:/VersCoffreFort/Michelle/images/2024/06
/drive/root:/VersCoffreFort/Michelle/images/2024/07
/drive/root:/VersCoffreFort/Michelle/images/2024/08
/drive/root:/VersCoffreFort/Michelle/images/2024/09
/drive/root:/VersCoffreFort/Michelle/images/2024/10
/drive/root:/VersCoffreFort/Michelle/images/2024/11
/drive/root:/VersCoffreFort/Michelle/images/2024/12
/drive/root:/VersCoffreFort/Michelle/images/2025
/drive/root:/VersCoffreFort/Michelle/images/2025/01
/drive/root:/VersCoffreFort/Michelle/images/2025/02
/drive/root:/VersCoffreFort/Michelle/images/2025/03
/drive/root:/VersCoffreFort/Michelle/images/2025/04
/drive/root:/VersCoffreFort/Michelle/images/2025/05
/drive/root:/VersCoffreFort/Michelle/images/2025/07
/drive/root:/VersCoffreFort/Michelle/images/2025/08
/drive/root:/VersCoffreFort/Michelle/images/2025/09
/drive/root:/VersCoffreFort/Michelle/images/2025/11
/drive/root:/VersCoffreFort/Michelle/images/2026
/drive/root:/VersCoffreFort/Michelle/images/2026/01
/drive/root:/VersCoffreFort/Michelle/images/2026/02
/drive/root:/VersCoffreFort/Michelle/videos/2024/03
/drive/root:/VersCoffreFort/Michelle/videos/2024/04
/drive/root:/VersCoffreFort/Michelle/videos/2024/05
/drive/root:/VersCoffreFort/Michelle/videos/2024/06
/drive/root:/VersCoffreFort/Michelle/videos/2024/07
/drive/root:/VersCoffreFort/Michelle/videos/2024/08
/drive/root:/VersCoffreFort/Michelle/videos/2024/09
/drive/root:/VersCoffreFort/Michelle/videos/2024/10
/drive/root:/VersCoffreFort/Michelle/videos/2024/12
/drive/root:/VersCoffreFort/Michelle/videos/2025
/drive/root:/VersCoffreFort/Michelle/videos/2025/01
/drive/root:/VersCoffreFort/Michelle/videos/2025/02
/drive/root:/VersCoffreFort/Michelle/videos/2025/03
/drive/root:/VersCoffreFort/Michelle/videos/2025/04
/drive/root:/VersCoffreFort/Michelle/videos/2025/05
/drive/root:/VersCoffreFort/Michelle/videos/2025/06
/drive/root:/VersCoffreFort/Michelle/videos/2025/07
/drive/root:/VersCoffreFort/Michelle/videos/2025/08
/drive/root:/VersCoffreFort/Michelle/videos/2025/09
/drive/root:/VersCoffreFort/Michelle/videos/2025/11
/drive/root:/VersCoffreFort/Michelle/videos/2025/12
/drive/root:/VersCoffreFort/Michelle/videos/2026
/drive/root:/VersCoffreFort/Michelle/videos/2026/01
/drive/root:/VersCoffreFort/Michelle/videos/2026/02
/drive/root:/Videos/2020/09
/drive/root:/Videos/2020/10
/drive/root:/Videos/2020/11
/drive/root:/Videos/2021/04
/drive/root:/Videos/2021/09
/drive/root:/Videos/2021/10
/drive/root:/Videos/2022/03
/drive/root:/Videos/2022/05
/drive/root:/Videos/2022/06
/drive/root:/Videos/2023/02
/drive/root:/Videos/2023/03
/drive/root:/Videos/2023/04
/drive/root:/Videos/2023/05
/drive/root:/Videos/2025/03
/drive/root:/Videos/2026/06
