[20:23:11] [INFO] === FOLDER ERASER START: 06/16/2026 20:23:11 ===
[20:23:11] [WARN] MODE: DRY-RUN (No folders will be deleted). Use -Execute $true to apply changes.
[20:23:11] [DEBUG] Checking Graph token validity...
[20:23:11] [DEBUG] Get-GraphToken: checking existing token
[20:23:11] [INFO] [AUTH] Token expired or expiring soon. Attempting silent refresh...
[20:23:12] [DEBUG] Graph token saved
[20:23:12] [SUCCESS] [AUTH] Silent refresh successful
[20:23:12] [INFO] Scanning OneDrive structure...
[20:37:01] [SUCCESS] Scan complete. Found 21887 folders.
[20:37:01] [INFO] Calculating folder depths...
[20:37:02] [INFO] [DRY-RUN] Would delete empty folder: /drive/root:/VersCoffreFort/archives/xxx/ondrv/a classer/Nouveau dossier/New folder
[20:37:02] [INFO] [DRY-RUN] Would delete empty folder: /drive/root:/VersCoffreFort/archives/xxx/ondrv/Nouveau dossier/xxxY
[20:37:02] [INFO] [DRY-RUN] Would delete empty folder: /drive/root:/VersCoffreFort/archives/xxx/XXX/tri-img/bottes-porn
[20:37:02] [INFO] [DRY-RUN] Would delete empty folder: /drive/root:/VersCoffreFort/archives/xxx/XXX/tri-video/blow
[20:37:02] [INFO] [DRY-RUN] Would delete empty folder: /drive/root:/VersCoffreFort/archives/xxx/XXX/Nouveau dossier/Nouveau dossier
[20:37:03] [INFO] [DRY-RUN] Would delete empty folder: /drive/root:/Images/ensemble/Saved Pictures/JP/Maisons
[20:37:03] [INFO] [DRY-RUN] Would delete empty folder: /drive/root:/Images/ensemble/Saved Pictures/JP/Félix
[20:37:03] [INFO] [DRY-RUN] Would delete empty folder: /drive/root:/VersCoffreFort/Michelle/images/2024/08
[20:37:03] [INFO] [DRY-RUN] Would delete empty folder: /drive/root:/VersCoffreFort/Michelle/images/2024/09
[20:37:03] [INFO] [DRY-RUN] Would delete empty folder: /drive/root:/VersCoffreFort/Michelle/images/2024/11
[20:37:03] [INFO] [DRY-RUN] Would delete empty folder: /drive/root:/VersCoffreFort/Michelle/images/2024/12
[20:37:03] [INFO] [DRY-RUN] Would delete empty folder: /drive/root:/VersCoffreFort/Michelle/images/2024/10
[20:37:03] [INFO] [DRY-RUN] Would delete empty folder: /drive/root:/VersCoffreFort/Michelle/images/2024/04
[20:37:03] [INFO] [DRY-RUN] Would delete empty folder: /drive/root:/VersCoffreFort/Michelle/images/2024/06
[20:37:03] [INFO] [DRY-RUN] Would delete empty folder: /drive/root:/VersCoffreFort/Michelle/images/2024/07
[20:37:03] [INFO] [DRY-RUN] Would delete empty folder: /drive/root:/VersCoffreFort/Michelle/images/2025/05
[20:37:03] [INFO] [DRY-RUN] Would delete empty folder: /drive/root:/VersCoffreFort/Michelle/images/2025/07
[20:37:03] [INFO] [DRY-RUN] Would delete empty folder: /drive/root:/VersCoffreFort/Michelle/images/2025/08
[20:37:03] [INFO] [DRY-RUN] Would delete empty folder: /drive/root:/VersCoffreFort/Michelle/images/2025/09
[20:37:03] [INFO] [DRY-RUN] Would delete empty folder: /drive/root:/VersCoffreFort/Michelle/images/2025/11
[20:37:03] [INFO] [DRY-RUN] Would delete empty folder: /drive/root:/VersCoffreFort/Michelle/images/2026/01
[20:37:03] [INFO] [DRY-RUN] Would delete empty folder: /drive/root:/VersCoffreFort/Michelle/images/2025/04
[20:37:03] [INFO] [DRY-RUN] Would delete empty folder: /drive/root:/VersCoffreFort/Michelle/images/2025/03
[20:37:03] [INFO] [DRY-RUN] Would delete empty folder: /drive/root:/VersCoffreFort/Michelle/images/2025/02
[20:37:03] [INFO] [DRY-RUN] Would delete empty folder: /drive/root:/VersCoffreFort/Michelle/images/2025/01
[20:37:03] [INFO] [DRY-RUN] Would delete empty folder: /drive/root:/VersCoffreFort/Michelle/images/2026/02
[20:37:03] [INFO] [DRY-RUN] Would delete empty folder: /drive/root:/VersCoffreFort/Michelle/images/2024/03
[20:37:03] [INFO] [DRY-RUN] Would delete empty folder: /drive/root:/VersCoffreFort/Michelle/videos/2025/12
[20:37:03] [INFO] [DRY-RUN] Would delete empty folder: /drive/root:/VersCoffreFort/Michelle/videos/2026/01
[20:37:03] [INFO] [DRY-RUN] Would delete empty folder: /drive/root:/VersCoffreFort/Michelle/videos/2026/02
[20:37:03] [INFO] [DRY-RUN] Would delete empty folder: /drive/root:/VersCoffreFort/Michelle/videos/2025/11
[20:37:03] [INFO] [DRY-RUN] Would delete empty folder: /drive/root:/VersCoffreFort/Michelle/videos/2025/09
[20:37:03] [INFO] [DRY-RUN] Would delete empty folder: /drive/root:/VersCoffreFort/Michelle/videos/2025/08
[20:37:03] [INFO] [DRY-RUN] Would delete empty folder: /drive/root:/VersCoffreFort/Michelle/videos/2025/07
[20:37:03] [INFO] [DRY-RUN] Would delete empty folder: /drive/root:/VersCoffreFort/Michelle/videos/2025/03
[20:37:03] [INFO] [DRY-RUN] Would delete empty folder: /drive/root:/VersCoffreFort/Michelle/videos/2025/04
[20:37:03] [INFO] [DRY-RUN] Would delete empty folder: /drive/root:/VersCoffreFort/Michelle/videos/2025/05
[20:37:03] [INFO] [DRY-RUN] Would delete empty folder: /drive/root:/VersCoffreFort/Michelle/videos/2025/06
[20:37:03] [INFO] [DRY-RUN] Would delete empty folder: /drive/root:/VersCoffreFort/Michelle/videos/2025/02
[20:37:03] [INFO] [DRY-RUN] Would delete empty folder: /drive/root:/VersCoffreFort/Michelle/videos/2024/03
[20:37:03] [INFO] [DRY-RUN] Would delete empty folder: /drive/root:/VersCoffreFort/Michelle/videos/2024/04
[20:37:03] [INFO] [DRY-RUN] Would delete empty folder: /drive/root:/VersCoffreFort/Michelle/videos/2024/05
[20:37:03] [INFO] [DRY-RUN] Would delete empty folder: /drive/root:/VersCoffreFort/Michelle/videos/2024/06
[20:37:03] [INFO] [DRY-RUN] Would delete empty folder: /drive/root:/VersCoffreFort/Michelle/videos/2024/07
[20:37:03] [INFO] [DRY-RUN] Would delete empty folder: /drive/root:/VersCoffreFort/Michelle/videos/2024/08
[20:37:03] [INFO] [DRY-RUN] Would delete empty folder: /drive/root:/VersCoffreFort/Michelle/videos/2024/09
[20:37:03] [INFO] [DRY-RUN] Would delete empty folder: /drive/root:/VersCoffreFort/Michelle/videos/2024/10
[20:37:03] [INFO] [DRY-RUN] Would delete empty folder: /drive/root:/VersCoffreFort/Michelle/videos/2024/12
[20:37:03] [INFO] [DRY-RUN] Would delete empty folder: /drive/root:/VersCoffreFort/Michelle/videos/2025/01
[20:37:03] [INFO] [DRY-RUN] Would delete empty folder: /drive/root:/VersCoffreFort/Michelle/Animated/2026/01
[20:37:03] [INFO] [DRY-RUN] Would delete empty folder: /drive/root:/VersCoffreFort/Michelle/Animated/2025/12
[20:37:03] [INFO] [DRY-RUN] Would delete empty folder: /drive/root:/VersCoffreFort/archives/xxx/XXX/Nouveau dossier
[20:37:03] [INFO] [DRY-RUN] Would delete empty folder: /drive/root:/VersCoffreFort/Michelle/Animated/2025
[20:37:03] [INFO] [DRY-RUN] Would delete empty folder: /drive/root:/VersCoffreFort/Michelle/Animated/2026
[20:37:03] [INFO] [DRY-RUN] Would delete empty folder: /drive/root:/VersCoffreFort/Michelle/videos/2026
[20:37:03] [INFO] [DRY-RUN] Would delete empty folder: /drive/root:/VersCoffreFort/Michelle/videos/2025
[20:37:03] [INFO] [DRY-RUN] Would delete empty folder: /drive/root:/VersCoffreFort/Michelle/images/2026
[20:37:03] [INFO] [DRY-RUN] Would delete empty folder: /drive/root:/VersCoffreFort/Michelle/images/2025
[20:37:03] [INFO] [DRY-RUN] Would delete empty folder: /drive/root:/Videos/2023/03
[20:37:03] [INFO] [DRY-RUN] Would delete empty folder: /drive/root:/Videos/2023/02
[20:37:03] [INFO] [DRY-RUN] Would delete empty folder: /drive/root:/Audio/2023/01
[20:37:03] [INFO] [DRY-RUN] Would delete empty folder: /drive/root:/Videos/2023/04
[20:37:03] [INFO] [DRY-RUN] Would delete empty folder: /drive/root:/Videos/2023/05
[20:37:03] [INFO] [DRY-RUN] Would delete empty folder: /drive/root:/Videos/2026/06
[20:37:03] [INFO] [DRY-RUN] Would delete empty folder: /drive/root:/Audio/2021/03
[20:37:03] [INFO] [DRY-RUN] Would delete empty folder: /drive/root:/VersCoffreFort/Michelle/Animated
[20:37:03] [INFO] [DRY-RUN] Would delete empty folder: /drive/root:/Videos/2020/09
[20:37:03] [INFO] [DRY-RUN] Would delete empty folder: /drive/root:/Videos/2020/11
[20:37:03] [INFO] [DRY-RUN] Would delete empty folder: /drive/root:/Videos/2025/03
[20:37:03] [INFO] [DRY-RUN] Would delete empty folder: /drive/root:/Videos/2022/03
[20:37:03] [INFO] [DRY-RUN] Would delete empty folder: /drive/root:/Videos/2022/05
[20:37:03] [INFO] [DRY-RUN] Would delete empty folder: /drive/root:/Videos/2022/06
[20:37:03] [INFO] [DRY-RUN] Would delete empty folder: /drive/root:/Videos/2021/04
[20:37:03] [INFO] [DRY-RUN] Would delete empty folder: /drive/root:/Videos/2020/10
[20:37:03] [INFO] [DRY-RUN] Would delete empty folder: /drive/root:/Videos/2021/09
[20:37:03] [INFO] [DRY-RUN] Would delete empty folder: /drive/root:/Images/2021/02
[20:37:03] [INFO] [DRY-RUN] Would delete empty folder: /drive/root:/Videos/2021/10
[20:37:03] [INFO] [DRY-RUN] Would delete empty folder: /drive/root:/Audio/2024/03
[20:37:04] [INFO] [DRY-RUN] Would delete empty folder: /drive/root:/Audio/2023
[20:37:04] [INFO] [DRY-RUN] Would delete empty folder: /drive/root:/Audio/2021
[20:37:04] [INFO] [DRY-RUN] Would delete empty folder: /drive/root:/Audio/2024
[20:37:04] [INFO] Logged 81 folders to 'C:\Users\jeanp\github\syncOnedrive\.\_cache\deleted_folders.log' (sorted).
[20:37:04] [SUCCESS] === CLEANUP SUMMARY ===
[20:37:04] [INFO] Folders identified for deletion: 81
[20:37:04] [INFO] === SESSION END ===
